OMX + Ouroboros ?? ??

?? ?? ???:
  oo "?? ??"

?? ?? ??:
  oo go "?? ??"          ?? ????? ??
  oo seed "?? ??"        Ouroboros Seed? ??
  oo omx "?? ??"         OMX Ralph? ??
  oo status                  ?? ??? OMX ?? ??
  oo doctor                  ?? ??
  oo help                    ? ??? ??

??:
  --cwd "??"               ?? ?? ?? ??
  --dry-run                  ?? ?? ?? ??? ??? ??

??:
  oo "README ???? ??? ??"
  oo go "??? ?? ??" --cwd "C:\my-project"
  oo seed "?? ?? ???? ??"
  oo omx "?? ?? Seed ???? ??"

?? ? ??? ?? ?? ??:
  run_omx_ouro_pipeline.cmd run --goal "?? ??"

??/??:
  ??: C:\Users\qhtm0\Desktop\harness\.omx_ouro_pipeline\config.json
  ??: C:\Users\qhtm0\Desktop\harness\.omx_ouro_pipeline\logs

